      kcompactd0-48      [002] d..2.   609.261082: sched_switch: prev_comm=kcompactd0 prev_pid=48 prev_prio=120 prev_state=S ==> next_comm=swapper/2 next_pid=0 next_prio=120
          <idle>-0       [002] d..2.   609.771782: sched_switch: prev_comm=swapper/2 prev_pid=0 prev_prio=120 prev_state=R ==> next_comm=kcompactd0 next_pid=48 next_prio=120
      kcompactd0-48      [002] d..2.   609.771879: sched_switch: prev_comm=kcompactd0 prev_pid=48 prev_prio=120 prev_state=S ==> next_comm=swapper/2 next_pid=0 next_prio=120
          <idle>-0       [002] d..2.   610.282698: sched_switch: prev_comm=swapper/2 prev_pid=0 prev_prio=120 prev_state=R ==> next_comm=kcompactd0 next_pid=48 next_prio=120
      kcompactd0-48      [002] d..2.   610.282794: sched_switch: prev_comm=kcompactd0 prev_pid=48 prev_prio=120 prev_state=S ==> next_comm=swapper/2 next_pid=0 next_prio=120
          <idle>-0       [003] d..2.   610.468922: sched_switch: prev_comm=swapper/3 prev_pid=0 prev_prio=120 prev_state=R ==> next_comm=kworker/3:1 next_pid=56 next_prio=120
     kworker/3:1-56      [003] d..2.   610.469048: sched_switch: prev_comm=kworker/3:1 prev_pid=56 prev_prio=120 prev_state=I ==> next_comm=swapper/3 next_pid=0 next_prio=120
          <idle>-0       [002] d..2.   610.800306: sched_switch: prev_comm=swapper/2 prev_pid=0 prev_prio=120 prev_state=R ==> next_comm=kcompactd0 next_pid=48 next_prio=120
      kcompactd0-48      [002] d..2.   610.800404: sched_switch: prev_comm=kcompactd0 prev_pid=48 prev_prio=120 prev_state=S ==> next_comm=swapper/2 next_pid=0 next_prio=120
          <idle>-0       [002] d..2.   611.312713: sched_switch: prev_comm=swapper/2 prev_pid=0 prev_prio=120 prev_state=R ==> next_comm=kcompactd0 next_pid=48 next_prio=120
      kcompactd0-48      [002] d..2.   611.312785: sched_switch: prev_comm=kcompactd0 prev_pid=48 prev_prio=120 prev_state=S ==> next_comm=swapper/2 next_pid=0 next_prio=120
          <idle>-0       [002] d..2.   611.824551: sched_switch: prev_comm=swapper/2 prev_pid=0 prev_prio=120 prev_state=R ==> next_comm=kcompactd0 next_pid=48 next_prio=120
      kcompactd0-48      [002] d..2.   611.824642: sched_switch: prev_comm=kcompactd0 prev_pid=48 prev_prio=120 prev_state=S ==> next_comm=swapper/2 next_pid=0 next_prio=120
          <idle>-0       [002] d..2.   612.339782: sched_switch: prev_comm=swapper/2 prev_pid=0 prev_prio=120 prev_state=R ==> next_comm=kcompactd0 next_pid=48 next_prio=120
      kcompactd0-48      [002] d..2.   612.339885: sched_switch: prev_comm=kcompactd0 prev_pid=48 prev_prio=120 prev_state=S ==> next_comm=swapper/2 next_pid=0 next_prio=120
          <idle>-0       [003] d..2.   612.447555: sched_switch: prev_comm=swapper/3 prev_pid=0 prev_prio=120 prev_state=R ==> next_comm=kworker/3:1 next_pid=56 next_prio=120
     kworker/3:1-56      [003] d..2.   612.447667: sched_switch: prev_comm=kworker/3:1 prev_pid=56 prev_prio=120 prev_state=I ==> next_comm=swapper/3 next_pid=0 next_prio=120
          <idle>-0       [000] d..2.   612.681138: sched_switch: prev_comm=swapper/0 prev_pid=0 prev_prio=120 prev_state=R ==> next_comm=migration/0 next_pid=18 next_prio=0
     migration/0-18      [000] d..2.   612.681221: sched_switch: prev_comm=migration/0 prev_pid=18 prev_prio=0 prev_state=S ==> next_comm=swapper/0 next_pid=0 next_prio=120
          <idle>-0       [001] d..2.   612.743134: sched_switch: prev_comm=swapper/1 prev_pid=0 prev_prio=120 prev_state=R ==> next_comm=migration/1 next_pid=23 next_prio=0
     migration/1-23      [001] d..2.   612.743222: sched_switch: prev_comm=migration/1 prev_pid=23 prev_prio=0 prev_state=S ==> next_comm=swapper/1 next_pid=0 next_prio=120
          <idle>-0       [002] d..2.   612.804465: sched_switch: prev_comm=swapper/2 prev_pid=0 prev_prio=120 prev_state=R ==> next_comm=migration/2 next_pid=29 next_prio=0
     migration/2-29      [002] d..2.   612.804540: sched_switch: prev_comm=migration/2 prev_pid=29 prev_prio=0 prev_state=S ==> next_comm=swapper/2 next_pid=0 next_prio=120
          <idle>-0       [002] d..2.   612.851836: sched_switch: prev_comm=swapper/2 prev_pid=0 prev_prio=120 prev_state=R ==> next_comm=kcompactd0 next_pid=48 next_prio=120
      kcompactd0-48      [002] d..2.   612.852020: sched_switch: prev_comm=kcompactd0 prev_pid=48 prev_prio=120 prev_state=S ==> next_comm=swapper/2 next_pid=0 next_prio=120
          <idle>-0       [003] d..2.   612.867437: sched_switch: prev_comm=swapper/3 prev_pid=0 prev_prio=120 prev_state=R ==> next_comm=migration/3 next_pid=35 next_prio=0
     migration/3-35      [003] d..2.   612.867523: sched_switch: prev_comm=migration/3 prev_pid=35 prev_prio=0 prev_state=S ==> next_comm=swapper/3 next_pid=0 next_prio=120
          <idle>-0       [002] d..2.   613.366937: sched_switch: prev_comm=swapper/2 prev_pid=0 prev_prio=120 prev_state=R ==> next_comm=kcompactd0 next_pid=48 next_prio=120
      kcompactd0-48      [002] d..2.   613.367028: sched_switch: prev_comm=kcompactd0 prev_pid=48 prev_prio=120 prev_state=S ==> next_comm=swapper/2 next_pid=0 next_prio=120
          <idle>-0       [002] d..2.   613.876385: sched_switch: prev_comm=swapper/2 prev_pid=0 prev_prio=120 prev_state=R ==> next_comm=kcompactd0 next_pid=48 next_prio=120
      kcompactd0-48      [002] d..2.   613.876501: sched_switch: prev_comm=kcompactd0 prev_pid=48 prev_prio=120 prev_state=S ==> next_comm=swapper/2 next_pid=0 next_prio=120
          <idle>-0       [002] d..2.   614.387269: sched_switch: prev_comm=swapper/2 prev_pid=0 prev_prio=120 prev_state=R ==> next_comm=kcompactd0 next_pid=48 next_prio=120
      kcompactd0-48      [002] d..2.   614.387341: sched_switch: prev_comm=kcompactd0 prev_pid=48 prev_prio=120 prev_state=S ==> next_comm=swapper/2 next_pid=0 next_prio=120
          <idle>-0       [003] d..2.   614.435804: sched_switch: prev_comm=swapper/3 prev_pid=0 prev_prio=120 prev_state=R ==> next_comm=kworker/3:1 next_pid=56 next_prio=120
     kworker/3:1-56      [003] d..2.   614.435906: sched_switch: prev_comm=kworker/3:1 prev_pid=56 prev_prio=120 prev_state=I ==> next_comm=swapper/3 next_pid=0 next_prio=120
          <idle>-0       [002] d..2.   614.898863: sched_switch: prev_comm=swapper/2 prev_pid=0 prev_prio=120 prev_state=R ==> next_comm=kcompactd0 next_pid=48 next_prio=120
      kcompactd0-48      [002] d..2.   614.898968: sched_switch: prev_comm=kcompactd0 prev_pid=48 prev_prio=120 prev_state=S ==> next_comm=swapper/2 next_pid=0 next_prio=120
          <idle>-0       [002] d..2.   615.414035: sched_switch: prev_comm=swapper/2 prev_pid=0 prev_prio=120 prev_state=R ==> next_comm=kcompactd0 next_pid=48 next_prio=120
      kcompactd0-48      [002] d..2.   615.414533: sched_switch: prev_comm=kcompactd0 prev_pid=48 prev_prio=120 prev_state=S ==> next_comm=swapper/2 next_pid=0 next_prio=120
          <idle>-0       [002] d..2.   615.928103: sched_switch: prev_comm=swapper/2 prev_pid=0 prev_prio=120 prev_state=R ==> next_comm=kcompactd0 next_pid=48 next_prio=120
      kcompactd0-48      [002] d..2.   615.928192: sched_switch: prev_comm=kcompactd0 prev_pid=48 prev_prio=120 prev_state=S ==> next_comm=swapper/2 next_pid=0 next_prio=120
          <idle>-0       [002] d..2.   616.035999: sched_switch: prev_comm=swapper/2 prev_pid=0 prev_prio=120 prev_state=R ==> next_comm=kworker/2:1 next_pid=55 next_prio=120
     kworker/2:1-55      [002] d..2.   616.036280: sched_switch: prev_comm=kworker/2:1 prev_pid=55 prev_prio=120 prev_state=I ==> next_comm=swapper/2 next_pid=0 next_prio=120
          <idle>-0       [003] d..2.   616.036471: sched_switch: prev_comm=swapper/3 prev_pid=0 prev_prio=120 prev_state=R ==> next_comm=khungtaskd next_pid=44 next_prio=120
      khungtaskd-44      [003] d..2.   616.036655: sched_switch: prev_comm=khungtaskd prev_pid=44 prev_prio=120 prev_state=S ==> next_comm=swapper/3 next_pid=0 next_prio=120
          <idle>-0       [001] d..2.   616.036831: sched_switch: prev_comm=swapper/1 prev_pid=0 prev_prio=120 prev_state=R ==> next_comm=kworker/u8:1 next_pid=41 next_prio=120
    kworker/u8:1-41      [001] d..2.   616.036839: sched_switch: prev_comm=kworker/u8:1 prev_pid=41 prev_prio=120 prev_state=I ==> next_comm=swapper/1 next_pid=0 next_prio=120
          <idle>-0       [003] d..2.   616.410423: sched_switch: prev_comm=swapper/3 prev_pid=0 prev_prio=120 prev_state=R ==> next_comm=kworker/3:1 next_pid=56 next_prio=120
     kworker/3:1-56      [003] d..2.   616.410532: sched_switch: prev_comm=kworker/3:1 prev_pid=56 prev_prio=120 prev_state=I ==> next_comm=swapper/3 next_pid=0 next_prio=120
          <idle>-0       [002] d..2.   616.440893: sched_switch: prev_comm=swapper/2 prev_pid=0 prev_prio=120 prev_state=R ==> next_comm=kcompactd0 next_pid=48 next_prio=120
      kcompactd0-48      [002] d..2.   616.440984: sched_switch: prev_comm=kcompactd0 prev_pid=48 prev_prio=120 prev_state=S ==> next_comm=swapper/2 next_pid=0 next_prio=120
          <idle>-0       [000] d..2.   616.674303: sched_switch: prev_comm=swapper/0 prev_pid=0 prev_prio=120 prev_state=R ==> next_comm=migration/0 next_pid=18 next_prio=0
     migration/0-18      [000] d..2.   616.674385: sched_switch: prev_comm=migration/0 prev_pid=18 prev_prio=0 prev_state=S ==> next_comm=swapper/0 next_pid=0 next_prio=120
          <idle>-0       [001] d..2.   616.737698: sched_switch: prev_comm=swapper/1 prev_pid=0 prev_prio=120 prev_state=R ==> next_comm=migration/1 next_pid=23 next_prio=0
     migration/1-23      [001] d..2.   616.737814: sched_switch: prev_comm=migration/1 prev_pid=23 prev_prio=0 prev_state=S ==> next_comm=swapper/1 next_pid=0 next_prio=120
          <idle>-0       [002] d..2.   616.800328: sched_switch: prev_comm=swapper/2 prev_pid=0 prev_prio=120 prev_state=R ==> next_comm=migration/2 next_pid=29 next_prio=0
     migration/2-29      [002] d..2.   616.800494: sched_switch: prev_comm=migration/2 prev_pid=29 prev_prio=0 prev_state=S ==> next_comm=swapper/2 next_pid=0 next_prio=120
          <idle>-0       [003] d..2.   616.861546: sched_switch: prev_comm=swapper/3 prev_pid=0 prev_prio=120 prev_state=R ==> next_comm=migration/3 next_pid=35 next_prio=0
     migration/3-35      [003] d..2.   616.861664: sched_switch: prev_comm=migration/3 prev_pid=35 prev_prio=0 prev_state=S ==> next_comm=swapper/3 next_pid=0 next_prio=120
          <idle>-0       [002] d..2.   616.954627: sched_switch: prev_comm=swapper/2 prev_pid=0 prev_prio=120 prev_state=R ==> next_comm=kcompactd0 next_pid=48 next_prio=120
      kcompactd0-48      [002] d..2.   616.954729: sched_switch: prev_comm=kcompactd0 prev_pid=48 prev_prio=120 prev_state=S ==> next_comm=swapper/2 next_pid=0 next_prio=120
          <idle>-0       [002] d..2.   617.464130: sched_switch: prev_comm=swapper/2 prev_pid=0 prev_prio=120 prev_state=R ==> next_comm=kcompactd0 next_pid=48 next_prio=120
      kcompactd0-48      [002] d..2.   617.464254: sched_switch: prev_comm=kcompactd0 prev_pid=48 prev_prio=120 prev_state=S ==> next_comm=swapper/2 next_pid=0 next_prio=120
          <idle>-0       [002] d..2.   617.976570: sched_switch: prev_comm=swapper/2 prev_pid=0 prev_prio=120 prev_state=R ==> next_comm=kcompactd0 next_pid=48 next_prio=120
      kcompactd0-48      [002] d..2.   617.976694: sched_switch: prev_comm=kcompactd0 prev_pid=48 prev_prio=120 prev_state=S ==> next_comm=swapper/2 next_pid=0 next_prio=120
          <idle>-0       [003] d..2.   618.460568: sched_switch: prev_comm=swapper/3 prev_pid=0 prev_prio=120 prev_state=R ==> next_comm=kworker/3:1 next_pid=56 next_prio=120
     kworker/3:1-56      [003] d..2.   618.460692: sched_switch: prev_comm=kworker/3:1 prev_pid=56 prev_prio=120 prev_state=I ==> next_comm=swapper/3 next_pid=0 next_prio=120
          <idle>-0       [002] d..2.   618.491739: sched_switch: prev_comm=swapper/2 prev_pid=0 prev_prio=120 prev_state=R ==> next_comm=kcompactd0 next_pid=48 next_prio=120
      kcompactd0-48      [002] d..2.   618.491934: sched_switch: prev_comm=kcompactd0 prev_pid=48 prev_prio=120 prev_state=S ==> next_comm=swapper/2 next_pid=0 next_prio=120
          <idle>-0       [002] d..2.   619.007348: sched_switch: prev_comm=swapper/2 prev_pid=0 prev_prio=120 prev_state=R ==> next_comm=kcompactd0 next_pid=48 next_prio=120
      kcompactd0-48      [002] d..2.   619.007457: sched_switch: prev_comm=kcompactd0 prev_pid=48 prev_prio=120 prev_state=S ==> next_comm=swapper/2 next_pid=0 next_prio=120
          <idle>-0       [002] d..2.   619.522381: sched_switch: prev_comm=swapper/2 prev_pid=0 prev_prio=120 prev_state=R ==> next_comm=kcompactd0 next_pid=48 next_prio=120
      kcompactd0-48      [002] d..2.   619.522473: sched_switch: prev_comm=kcompactd0 prev_pid=48 prev_prio=120 prev_state=S ==> next_comm=swapper/2 next_pid=0 next_prio=120
          <idle>-0       [002] d..2.   620.038657: sched_switch: prev_comm=swapper/2 prev_pid=0 prev_prio=120 prev_state=R ==> next_comm=kcompactd0 next_pid=48 next_prio=120
      kcompactd0-48      [002] d..2.   620.038773: sched_switch: prev_comm=kcompactd0 prev_pid=48 prev_prio=120 prev_state=S ==> next_comm=swapper/2 next_pid=0 next_prio=120
          <idle>-0       [003] d..2.   620.441941: sched_switch: prev_comm=swapper/3 prev_pid=0 prev_prio=120 prev_state=R ==> next_comm=kworker/3:1 next_pid=56 next_prio=120
     kworker/3:1-56      [003] d..2.   620.442052: sched_switch: prev_comm=kworker/3:1 prev_pid=56 prev_prio=120 prev_state=I ==> next_comm=swapper/3 next_pid=0 next_prio=120
          <idle>-0       [002] d..2.   620.551424: sched_switch: prev_comm=swapper/2 prev_pid=0 prev_prio=120 prev_state=R ==> next_comm=kcompactd0 next_pid=48 next_prio=120
      kcompactd0-48      [002] d..2.   620.551667: sched_switch: prev_comm=kcompactd0 prev_pid=48 prev_prio=120 prev_state=S ==> next_comm=swapper/2 next_pid=0 next_prio=120
          <idle>-0       [000] d..2.   620.675188: sched_switch: prev_comm=swapper/0 prev_pid=0 prev_prio=120 prev_state=R ==> next_comm=migration/0 next_pid=18 next_prio=0
     migration/0-18      [000] d..2.   620.675699: sched_switch: prev_comm=migration/0 prev_pid=18 prev_prio=0 prev_state=S ==> next_comm=kworker/0:2 next_pid=113 next_prio=120
     kworker/0:2-113     [000] d..2.   620.675846: sched_switch: prev_comm=kworker/0:2 prev_pid=113 prev_prio=120 prev_state=I ==> next_comm=swapper/0 next_pid=0 next_prio=120
          <idle>-0       [001] d..2.   620.675846: sched_switch: prev_comm=swapper/1 prev_pid=0 prev_prio=120 prev_state=R ==> next_comm=kworker/u8:1 next_pid=41 next_prio=120
    kworker/u8:1-41      [001] d..2.   620.676012: sched_switch: prev_comm=kworker/u8:1 prev_pid=41 prev_prio=120 prev_state=I ==> next_comm=swapper/1 next_pid=0 next_prio=120
          <idle>-0       [000] d..2.   620.676052: sched_switch: prev_comm=swapper/0 prev_pid=0 prev_prio=120 prev_state=R ==> next_comm=kworker/u8:2 next_pid=45 next_prio=120
    kworker/u8:2-45      [000] d..2.   620.676083: sched_switch: prev_comm=kworker/u8:2 prev_pid=45 prev_prio=120 prev_state=I ==> next_comm=swapper/0 next_pid=0 next_prio=120
          <idle>-0       [001] d..2.   620.752358: sched_switch: prev_comm=swapper/1 prev_pid=0 prev_prio=120 prev_state=R ==> next_comm=migration/1 next_pid=23 next_prio=0
     migration/1-23      [001] d..2.   620.752439: sched_switch: prev_comm=migration/1 prev_pid=23 prev_prio=0 prev_state=S ==> next_comm=swapper/1 next_pid=0 next_prio=120
          <idle>-0       [002] d..2.   620.799301: sched_switch: prev_comm=swapper/2 prev_pid=0 prev_prio=120 prev_state=R ==> next_comm=migration/2 next_pid=29 next_prio=0
     migration/2-29      [002] d..2.   620.799392: sched_switch: prev_comm=migration/2 prev_pid=29 prev_prio=0 prev_state=S ==> next_comm=swapper/2 next_pid=0 next_prio=120
          <idle>-0       [003] d..2.   620.860121: sched_switch: prev_comm=swapper/3 prev_pid=0 prev_prio=120 prev_state=R ==> next_comm=migration/3 next_pid=35 next_prio=0
     migration/3-35      [003] d..2.   620.860202: sched_switch: prev_comm=migration/3 prev_pid=35 prev_prio=0 prev_state=S ==> next_comm=swapper/3 next_pid=0 next_prio=120
          <idle>-0       [002] d..2.   621.063483: sched_switch: prev_comm=swapper/2 prev_pid=0 prev_prio=120 prev_state=R ==> next_comm=kcompactd0 next_pid=48 next_prio=120
      kcompactd0-48      [002] d..2.   621.063585: sched_switch: prev_comm=kcompactd0 prev_pid=48 prev_prio=120 prev_state=S ==> next_comm=swapper/2 next_pid=0 next_prio=120
          <idle>-0       [002] d..2.   621.578386: sched_switch: prev_comm=swapper/2 prev_pid=0 prev_prio=120 prev_state=R ==> next_comm=kcompactd0 next_pid=48 next_prio=120
      kcompactd0-48      [002] d..2.   621.578587: sched_switch: prev_comm=kcompactd0 prev_pid=48 prev_prio=120 prev_state=S ==> next_comm=swapper/2 next_pid=0 next_prio=120
          <idle>-0       [002] d..2.   622.091399: sched_switch: prev_comm=swapper/2 prev_pid=0 prev_prio=120 prev_state=R ==> next_comm=kcompactd0 next_pid=48 next_prio=120
      kcompactd0-48      [002] d..2.   622.091468: sched_switch: prev_comm=kcompactd0 prev_pid=48 prev_prio=120 prev_state=S ==> next_comm=swapper/2 next_pid=0 next_prio=120
          <idle>-0       [003] d..2.   622.432896: sched_switch: prev_comm=swapper/3 prev_pid=0 prev_prio=120 prev_state=R ==> next_comm=kworker/3:1 next_pid=56 next_prio=120
     kworker/3:1-56      [003] d..2.   622.432975: sched_switch: prev_comm=kworker/3:1 prev_pid=56 prev_prio=120 prev_state=I ==> next_comm=swapper/3 next_pid=0 next_prio=120
          <idle>-0       [002] d..2.   622.603726: sched_switch: prev_comm=swapper/2 prev_pid=0 prev_prio=120 prev_state=R ==> next_comm=kcompactd0 next_pid=48 next_prio=120
      kcompactd0-48      [002] d..2.   622.603791: sched_switch: prev_comm=kcompactd0 prev_pid=48 prev_prio=120 prev_state=S ==> next_comm=swapper/2 next_pid=0 next_prio=120
          <idle>-0       [002] d..2.   623.117966: sched_switch: prev_comm=swapper/2 prev_pid=0 prev_prio=120 prev_state=R ==> next_comm=kcompactd0 next_pid=48 next_prio=120
      kcompactd0-48      [002] d..2.   623.118061: sched_switch: prev_comm=kcompactd0 prev_pid=48 prev_prio=120 prev_state=S ==> next_comm=swapper/2 next_pid=0 next_prio=120
          <idle>-0       [002] d..2.   623.632094: sched_switch: prev_comm=swapper/2 prev_pid=0 prev_prio=120 prev_state=R ==> next_comm=kcompactd0 next_pid=48 next_prio=120
      kcompactd0-48      [002] d..2.   623.632200: sched_switch: prev_comm=kcompactd0 prev_pid=48 prev_prio=120 prev_state=S ==> next_comm=swapper/2 next_pid=0 next_prio=120
          <idle>-0       [002] d..2.   624.147020: sched_switch: prev_comm=swapper/2 prev_pid=0 prev_prio=120 prev_state=R ==> next_comm=kcompactd0 next_pid=48 next_prio=120
      kcompactd0-48      [002] d..2.   624.147185: sched_switch: prev_comm=kcompactd0 prev_pid=48 prev_prio=120 prev_state=S ==> next_comm=swapper/2 next_pid=0 next_prio=120
          <idle>-0       [003] d..2.   624.474695: sched_switch: prev_comm=swapper/3 prev_pid=0 prev_prio=120 prev_state=R ==> next_comm=kworker/3:1 next_pid=56 next_prio=120
     kworker/3:1-56      [003] d..2.   624.474854: sched_switch: prev_comm=kworker/3:1 prev_pid=56 prev_prio=120 prev_state=I ==> next_comm=swapper/3 next_pid=0 next_prio=120
          <idle>-0       [002] d..2.   624.661469: sched_switch: prev_comm=swapper/2 prev_pid=0 prev_prio=120 prev_state=R ==> next_comm=kcompactd0 next_pid=48 next_prio=120
      kcompactd0-48      [002] d..2.   624.661533: sched_switch: prev_comm=kcompactd0 prev_pid=48 prev_prio=120 prev_state=S ==> next_comm=swapper/2 next_pid=0 next_prio=120
          <idle>-0       [000] d..2.   624.676446: sched_switch: prev_comm=swapper/0 prev_pid=0 prev_prio=120 prev_state=R ==> next_comm=migration/0 next_pid=18 next_prio=0
     migration/0-18      [000] d..2.   624.676532: sched_switch: prev_comm=migration/0 prev_pid=18 prev_prio=0 prev_state=S ==> next_comm=swapper/0 next_pid=0 next_prio=120
          <idle>-0       [001] d..2.   624.738889: sched_switch: prev_comm=swapper/1 prev_pid=0 prev_prio=120 prev_state=R ==> next_comm=migration/1 next_pid=23 next_prio=0
     migration/1-23      [001] d..2.   624.738978: sched_switch: prev_comm=migration/1 prev_pid=23 prev_prio=0 prev_state=S ==> next_comm=swapper/1 next_pid=0 next_prio=120
          <idle>-0       [002] d..2.   624.801734: sched_switch: prev_comm=swapper/2 prev_pid=0 prev_prio=120 prev_state=R ==> next_comm=migration/2 next_pid=29 next_prio=0
     migration/2-29      [002] d..2.   624.801882: sched_switch: prev_comm=migration/2 prev_pid=29 prev_prio=0 prev_state=S ==> next_comm=swapper/2 next_pid=0 next_prio=120
          <idle>-0       [003] d..2.   624.863457: sched_switch: prev_comm=swapper/3 prev_pid=0 prev_prio=120 prev_state=R ==> next_comm=migration/3 next_pid=35 next_prio=0
     migration/3-35      [003] d..2.   624.863558: sched_switch: prev_comm=migration/3 prev_pid=35 prev_prio=0 prev_state=S ==> next_comm=swapper/3 next_pid=0 next_prio=120
          <idle>-0       [002] d..2.   625.174438: sched_switch: prev_comm=swapper/2 prev_pid=0 prev_prio=120 prev_state=R ==> next_comm=kcompactd0 next_pid=48 next_prio=120
      kcompactd0-48      [002] d..2.   625.174702: sched_switch: prev_comm=kcompactd0 prev_pid=48 prev_prio=120 prev_state=S ==> next_comm=swapper/2 next_pid=0 next_prio=120
          <idle>-0       [002] d..2.   625.689098: sched_switch: prev_comm=swapper/2 prev_pid=0 prev_prio=120 prev_state=R ==> next_comm=kcompactd0 next_pid=48 next_prio=120
      kcompactd0-48      [002] d..2.   625.689205: sched_switch: prev_comm=kcompactd0 prev_pid=48 prev_prio=120 prev_state=S ==> next_comm=swapper/2 next_pid=0 next_prio=120
          <idle>-0       [002] d..2.   626.203371: sched_switch: prev_comm=swapper/2 prev_pid=0 prev_prio=120 prev_state=R ==> next_comm=kcompactd0 next_pid=48 next_prio=120
      kcompactd0-48      [002] d..2.   626.203470: sched_switch: prev_comm=kcompactd0 prev_pid=48 prev_prio=120 prev_state=S ==> next_comm=swapper/2 next_pid=0 next_prio=120
          <idle>-0       [000] d..2.   626.218793: sched_switch: prev_comm=swapper/0 prev_pid=0 prev_prio=120 prev_state=R ==> next_comm=kworker/u8:2 next_pid=45 next_prio=120
    kworker/u8:2-45      [000] d..2.   626.219230: sched_switch: prev_comm=kworker/u8:2 prev_pid=45 prev_prio=120 prev_state=I ==> next_comm=kworker/0:2 next_pid=113 next_prio=120
     kworker/0:2-113     [000] d..2.   626.219427: sched_switch: prev_comm=kworker/0:2 prev_pid=113 prev_prio=120 prev_state=I ==> next_comm=swapper/0 next_pid=0 next_prio=120
          <idle>-0       [003] d..2.   626.220189: sched_switch: prev_comm=swapper/3 prev_pid=0 prev_prio=120 prev_state=R ==> next_comm=sh next_pid=1 next_prio=120
              sh-1       [003] d..2.   626.221754: sched_switch: prev_comm=sh prev_pid=1 prev_prio=120 prev_state=S ==> next_comm=swapper/3 next_pid=0 next_prio=120
          <idle>-0       [003] d..2.   626.467357: sched_switch: prev_comm=swapper/3 prev_pid=0 prev_prio=120 prev_state=R ==> next_comm=kworker/3:1 next_pid=56 next_prio=120
     kworker/3:1-56      [003] d..2.   626.467502: sched_switch: prev_comm=kworker/3:1 prev_pid=56 prev_prio=120 prev_state=I ==> next_comm=swapper/3 next_pid=0 next_prio=120
          <idle>-0       [000] d..2.   626.639320: sched_switch: prev_comm=swapper/0 prev_pid=0 prev_prio=120 prev_state=R ==> next_comm=kworker/u8:2 next_pid=45 next_prio=120
    kworker/u8:2-45      [000] d..2.   626.639515: sched_switch: prev_comm=kworker/u8:2 prev_pid=45 prev_prio=120 prev_state=I ==> next_comm=swapper/0 next_pid=0 next_prio=120
          <idle>-0       [003] d..2.   626.639768: sched_switch: prev_comm=swapper/3 prev_pid=0 prev_prio=120 prev_state=R ==> next_comm=sh next_pid=1 next_prio=120
              sh-1       [003] d..2.   626.640702: sched_switch: prev_comm=sh prev_pid=1 prev_prio=120 prev_state=S ==> next_comm=swapper/3 next_pid=0 next_prio=120
          <idle>-0       [002] d..2.   626.716765: sched_switch: prev_comm=swapper/2 prev_pid=0 prev_prio=120 prev_state=R ==> next_comm=kcompactd0 next_pid=48 next_prio=120
      kcompactd0-48      [002] d..2.   626.716865: sched_switch: prev_comm=kcompactd0 prev_pid=48 prev_prio=120 prev_state=S ==> next_comm=swapper/2 next_pid=0 next_prio=120
          <idle>-0       [002] d..2.   627.226593: sched_switch: prev_comm=swapper/2 prev_pid=0 prev_prio=120 prev_state=R ==> next_comm=kcompactd0 next_pid=48 next_prio=120
      kcompactd0-48      [002] d..2.   627.226697: sched_switch: prev_comm=kcompactd0 prev_pid=48 prev_prio=120 prev_state=S ==> next_comm=swapper/2 next_pid=0 next_prio=120
          <idle>-0       [000] d..2.   627.271943: sched_switch: prev_comm=swapper/0 prev_pid=0 prev_prio=120 prev_state=R ==> next_comm=kworker/0:2 next_pid=113 next_prio=120
     kworker/0:2-113     [000] d..2.   627.273058: sched_switch: prev_comm=kworker/0:2 prev_pid=113 prev_prio=120 prev_state=I ==> next_comm=swapper/0 next_pid=0 next_prio=120
          <idle>-0       [000] d..2.   627.350925: sched_switch: prev_comm=swapper/0 prev_pid=0 prev_prio=120 prev_state=R ==> next_comm=kworker/u8:2 next_pid=45 next_prio=120
    kworker/u8:2-45      [000] d..2.   627.351127: sched_switch: prev_comm=kworker/u8:2 prev_pid=45 prev_prio=120 prev_state=I ==> next_comm=kworker/0:2 next_pid=113 next_prio=120
     kworker/0:2-113     [000] d..2.   627.351243: sched_switch: prev_comm=kworker/0:2 prev_pid=113 prev_prio=120 prev_state=I ==> next_comm=swapper/0 next_pid=0 next_prio=120
          <idle>-0       [003] d..2.   627.351601: sched_switch: prev_comm=swapper/3 prev_pid=0 prev_prio=120 prev_state=R ==> next_comm=sh next_pid=1 next_prio=120
              sh-1       [003] d..2.   627.352284: sched_switch: prev_comm=sh prev_pid=1 prev_prio=120 prev_state=S ==> next_comm=swapper/3 next_pid=0 next_prio=120
          <idle>-0       [002] d..2.   627.738285: sched_switch: prev_comm=swapper/2 prev_pid=0 prev_prio=120 prev_state=R ==> next_comm=kcompactd0 next_pid=48 next_prio=120
      kcompactd0-48      [002] d..2.   627.738791: sched_switch: prev_comm=kcompactd0 prev_pid=48 prev_prio=120 prev_state=S ==> next_comm=swapper/2 next_pid=0 next_prio=120
          <idle>-0       [000] d..2.   627.831413: sched_switch: prev_comm=swapper/0 prev_pid=0 prev_prio=120 prev_state=R ==> next_comm=kworker/u8:2 next_pid=45 next_prio=120
    kworker/u8:2-45      [000] d..2.   627.831638: sched_switch: prev_comm=kworker/u8:2 prev_pid=45 prev_prio=120 prev_state=I ==> next_comm=swapper/0 next_pid=0 next_prio=120
          <idle>-0       [003] d..2.   627.832594: sched_switch: prev_comm=swapper/3 prev_pid=0 prev_prio=120 prev_state=R ==> next_comm=sh next_pid=1 next_prio=120
              sh-1       [003] d..2.   627.833390: sched_switch: prev_comm=sh prev_pid=1 prev_prio=120 prev_state=S ==> next_comm=swapper/3 next_pid=0 next_prio=120
          <idle>-0       [002] d..2.   628.249863: sched_switch: prev_comm=swapper/2 prev_pid=0 prev_prio=120 prev_state=R ==> next_comm=kcompactd0 next_pid=48 next_prio=120
      kcompactd0-48      [002] d..2.   628.249968: sched_switch: prev_comm=kcompactd0 prev_pid=48 prev_prio=120 prev_state=S ==> next_comm=swapper/2 next_pid=0 next_prio=120
          <idle>-0       [000] d..2.   628.357903: sched_switch: prev_comm=swapper/0 prev_pid=0 prev_prio=120 prev_state=R ==> next_comm=kworker/u8:2 next_pid=45 next_prio=120
          <idle>-0       [003] d..2.   628.358361: sched_switch: prev_comm=swapper/3 prev_pid=0 prev_prio=120 prev_state=R ==> next_comm=sh next_pid=1 next_prio=120
    kworker/u8:2-45      [000] d..2.   628.358364: sched_switch: prev_comm=kworker/u8:2 prev_pid=45 prev_prio=120 prev_state=I ==> next_comm=swapper/0 next_pid=0 next_prio=120
              sh-1       [003] d..2.   628.359163: sched_switch: prev_comm=sh prev_pid=1 prev_prio=120 prev_state=S ==> next_comm=swapper/3 next_pid=0 next_prio=120
          <idle>-0       [003] d..2.   628.449906: sched_switch: prev_comm=swapper/3 prev_pid=0 prev_prio=120 prev_state=R ==> next_comm=kworker/3:1 next_pid=56 next_prio=120
     kworker/3:1-56      [003] d..2.   628.450075: sched_switch: prev_comm=kworker/3:1 prev_pid=56 prev_prio=120 prev_state=I ==> next_comm=swapper/3 next_pid=0 next_prio=120
          <idle>-0       [000] d..2.   628.681274: sched_switch: prev_comm=swapper/0 prev_pid=0 prev_prio=120 prev_state=R ==> next_comm=migration/0 next_pid=18 next_prio=0
     migration/0-18      [000] d..2.   628.681381: sched_switch: prev_comm=migration/0 prev_pid=18 prev_prio=0 prev_state=S ==> next_comm=swapper/0 next_pid=0 next_prio=120
          <idle>-0       [001] d..2.   628.744961: sched_switch: prev_comm=swapper/1 prev_pid=0 prev_prio=120 prev_state=R ==> next_comm=migration/1 next_pid=23 next_prio=0
     migration/1-23      [001] d..2.   628.745056: sched_switch: prev_comm=migration/1 prev_pid=23 prev_prio=0 prev_state=S ==> next_comm=swapper/1 next_pid=0 next_prio=120
          <idle>-0       [002] d..2.   628.760760: sched_switch: prev_comm=swapper/2 prev_pid=0 prev_prio=120 prev_state=R ==> next_comm=kcompactd0 next_pid=48 next_prio=120
      kcompactd0-48      [002] d..2.   628.760893: sched_switch: prev_comm=kcompactd0 prev_pid=48 prev_prio=120 prev_state=S ==> next_comm=swapper/2 next_pid=0 next_prio=120
          <idle>-0       [002] d..2.   628.807407: sched_switch: prev_comm=swapper/2 prev_pid=0 prev_prio=120 prev_state=R ==> next_comm=migration/2 next_pid=29 next_prio=0
     migration/2-29      [002] d..2.   628.807487: sched_switch: prev_comm=migration/2 prev_pid=29 prev_prio=0 prev_state=S ==> next_comm=swapper/2 next_pid=0 next_prio=120
          <idle>-0       [003] d..2.   628.869436: sched_switch: prev_comm=swapper/3 prev_pid=0 prev_prio=120 prev_state=R ==> next_comm=migration/3 next_pid=35 next_prio=0
     migration/3-35      [003] d..2.   628.869543: sched_switch: prev_comm=migration/3 prev_pid=35 prev_prio=0 prev_state=S ==> next_comm=swapper/3 next_pid=0 next_prio=120
          <idle>-0       [000] d..2.   628.869956: sched_switch: prev_comm=swapper/0 prev_pid=0 prev_prio=120 prev_state=R ==> next_comm=kworker/u8:2 next_pid=45 next_prio=120
    kworker/u8:2-45      [000] d..2.   628.870246: sched_switch: prev_comm=kworker/u8:2 prev_pid=45 prev_prio=120 prev_state=I ==> next_comm=swapper/0 next_pid=0 next_prio=120
          <idle>-0       [003] d..2.   628.870708: sched_switch: prev_comm=swapper/3 prev_pid=0 prev_prio=120 prev_state=R ==> next_comm=sh next_pid=1 next_prio=120
              sh-1       [003] d..2.   628.871513: sched_switch: prev_comm=sh prev_pid=1 prev_prio=120 prev_state=S ==> next_comm=swapper/3 next_pid=0 next_prio=120
          <idle>-0       [002] d..2.   629.272841: sched_switch: prev_comm=swapper/2 prev_pid=0 prev_prio=120 prev_state=R ==> next_comm=kcompactd0 next_pid=48 next_prio=120
      kcompactd0-48      [002] d..2.   629.272950: sched_switch: prev_comm=kcompactd0 prev_pid=48 prev_prio=120 prev_state=S ==> next_comm=swapper/2 next_pid=0 next_prio=120
          <idle>-0       [000] d..2.   629.505485: sched_switch: prev_comm=swapper/0 prev_pid=0 prev_prio=120 prev_state=R ==> next_comm=kworker/0:2 next_pid=113 next_prio=120
     kworker/0:2-113     [000] d..2.   629.505660: sched_switch: prev_comm=kworker/0:2 prev_pid=113 prev_prio=120 prev_state=I ==> next_comm=swapper/0 next_pid=0 next_prio=120
          <idle>-0       [002] d..2.   629.785261: sched_switch: prev_comm=swapper/2 prev_pid=0 prev_prio=120 prev_state=R ==> next_comm=kcompactd0 next_pid=48 next_prio=120
      kcompactd0-48      [002] d..2.   629.785552: sched_switch: prev_comm=kcompactd0 prev_pid=48 prev_prio=120 prev_state=S ==> next_comm=swapper/2 next_pid=0 next_prio=120
          <idle>-0       [002] d..2.   630.298145: sched_switch: prev_comm=swapper/2 prev_pid=0 prev_prio=120 prev_state=R ==> next_comm=kcompactd0 next_pid=48 next_prio=120
      kcompactd0-48      [002] d..2.   630.298223: sched_switch: prev_comm=kcompactd0 prev_pid=48 prev_prio=120 prev_state=S ==> next_comm=swapper/2 next_pid=0 next_prio=120
          <idle>-0       [003] d..2.   630.435972: sched_switch: prev_comm=swapper/3 prev_pid=0 prev_prio=120 prev_state=R ==> next_comm=kworker/3:1 next_pid=56 next_prio=120
     kworker/3:1-56      [003] d..2.   630.436103: sched_switch: prev_comm=kworker/3:1 prev_pid=56 prev_prio=120 prev_state=I ==> next_comm=swapper/3 next_pid=0 next_prio=120
          <idle>-0       [000] d..2.   630.544460: sched_switch: prev_comm=swapper/0 prev_pid=0 prev_prio=120 prev_state=R ==> next_comm=kworker/u8:2 next_pid=45 next_prio=120
    kworker/u8:2-45      [000] d..2.   630.544672: sched_switch: prev_comm=kworker/u8:2 prev_pid=45 prev_prio=120 prev_state=I ==> next_comm=kworker/0:2 next_pid=113 next_prio=120
     kworker/0:2-113     [000] d..2.   630.544873: sched_switch: prev_comm=kworker/0:2 prev_pid=113 prev_prio=120 prev_state=I ==> next_comm=swapper/0 next_pid=0 next_prio=120
          <idle>-0       [003] d..2.   630.545080: sched_switch: prev_comm=swapper/3 prev_pid=0 prev_prio=120 prev_state=R ==> next_comm=sh next_pid=1 next_prio=120
          <idle>-0       [001] d..2.   630.547188: sched_switch: prev_comm=swapper/1 prev_pid=0 prev_prio=120 prev_state=R ==> next_comm=sh next_pid=149 next_prio=120
              sh-1       [003] d..2.   630.547188: sched_switch: prev_comm=sh prev_pid=1 prev_prio=120 prev_state=S ==> next_comm=swapper/3 next_pid=0 next_prio=120
 yat_simple_test-149     [001] d..2.   630.559159: sched_switch: prev_comm=yat_simple_test prev_pid=149 prev_prio=0 prev_state=R ==> next_comm=kworker/1:1 next_pid=43 next_prio=120
     kworker/1:1-43      [001] d..2.   630.559404: sched_switch: prev_comm=kworker/1:1 prev_pid=43 prev_prio=120 prev_state=I ==> next_comm=swapper/1 next_pid=0 next_prio=120
          <idle>-0       [000] d..2.   630.560612: sched_switch: prev_comm=swapper/0 prev_pid=0 prev_prio=120 prev_state=R ==> next_comm=kworker/u8:2 next_pid=45 next_prio=120
    kworker/u8:2-45      [000] d..2.   630.560621: sched_switch: prev_comm=kworker/u8:2 prev_pid=45 prev_prio=120 prev_state=I ==> next_comm=swapper/0 next_pid=0 next_prio=120
          <idle>-0       [002] d..2.   630.561742: sched_switch: prev_comm=swapper/2 prev_pid=0 prev_prio=120 prev_state=R ==> next_comm=rcu_preempt next_pid=17 next_prio=120
          <idle>-0       [001] d..2.   630.561793: sched_switch: prev_comm=swapper/1 prev_pid=0 prev_prio=120 prev_state=R ==> next_comm=kworker/u8:1 next_pid=41 next_prio=120
     rcu_preempt-17      [002] d..2.   630.561799: sched_switch: prev_comm=rcu_preempt prev_pid=17 prev_prio=120 prev_state=I ==> next_comm=swapper/2 next_pid=0 next_prio=120
    kworker/u8:1-41      [001] d..2.   630.561835: sched_switch: prev_comm=kworker/u8:1 prev_pid=41 prev_prio=120 prev_state=I ==> next_comm=swapper/1 next_pid=0 next_prio=120
          <idle>-0       [002] d..2.   630.574169: sched_switch: prev_comm=swapper/2 prev_pid=0 prev_prio=120 prev_state=R ==> next_comm=rcu_preempt next_pid=17 next_prio=120
     rcu_preempt-17      [002] d..2.   630.574238: sched_switch: prev_comm=rcu_preempt prev_pid=17 prev_prio=120 prev_state=I ==> next_comm=swapper/2 next_pid=0 next_prio=120
          <idle>-0       [002] d..2.   630.821825: sched_switch: prev_comm=swapper/2 prev_pid=0 prev_prio=120 prev_state=R ==> next_comm=kcompactd0 next_pid=48 next_prio=120
      kcompactd0-48      [002] d..2.   630.821987: sched_switch: prev_comm=kcompactd0 prev_pid=48 prev_prio=120 prev_state=S ==> next_comm=swapper/2 next_pid=0 next_prio=120
          <idle>-0       [000] d..2.   631.177271: sched_switch: prev_comm=swapper/0 prev_pid=0 prev_prio=120 prev_state=R ==> next_comm=kworker/0:2 next_pid=113 next_prio=120
     kworker/0:2-113     [000] d..2.   631.178169: sched_switch: prev_comm=kworker/0:2 prev_pid=113 prev_prio=120 prev_state=I ==> next_comm=swapper/0 next_pid=0 next_prio=120
          <idle>-0       [003] d..2.   631.178362: sched_switch: prev_comm=swapper/3 prev_pid=0 prev_prio=120 prev_state=R ==> next_comm=kworker/3:1 next_pid=56 next_prio=120
     kworker/3:1-56      [003] d..2.   631.178503: sched_switch: prev_comm=kworker/3:1 prev_pid=56 prev_prio=120 prev_state=I ==> next_comm=swapper/3 next_pid=0 next_prio=120
          <idle>-0       [002] d..2.   631.334709: sched_switch: prev_comm=swapper/2 prev_pid=0 prev_prio=120 prev_state=R ==> next_comm=kcompactd0 next_pid=48 next_prio=120
      kcompactd0-48      [002] d..2.   631.334837: sched_switch: prev_comm=kcompactd0 prev_pid=48 prev_prio=120 prev_state=S ==> next_comm=swapper/2 next_pid=0 next_prio=120
          <idle>-0       [002] d..2.   631.848499: sched_switch: prev_comm=swapper/2 prev_pid=0 prev_prio=120 prev_state=R ==> next_comm=kcompactd0 next_pid=48 next_prio=120
      kcompactd0-48      [002] d..2.   631.848692: sched_switch: prev_comm=kcompactd0 prev_pid=48 prev_prio=120 prev_state=S ==> next_comm=swapper/2 next_pid=0 next_prio=120
          <idle>-0       [002] d..2.   632.359886: sched_switch: prev_comm=swapper/2 prev_pid=0 prev_prio=120 prev_state=R ==> next_comm=kcompactd0 next_pid=48 next_prio=120
      kcompactd0-48      [002] d..2.   632.359979: sched_switch: prev_comm=kcompactd0 prev_pid=48 prev_prio=120 prev_state=S ==> next_comm=swapper/2 next_pid=0 next_prio=120
          <idle>-0       [003] d..2.   632.471590: sched_switch: prev_comm=swapper/3 prev_pid=0 prev_prio=120 prev_state=R ==> next_comm=kworker/3:1 next_pid=56 next_prio=120
     kworker/3:1-56      [003] d..2.   632.471749: sched_switch: prev_comm=kworker/3:1 prev_pid=56 prev_prio=120 prev_state=I ==> next_comm=swapper/3 next_pid=0 next_prio=120
          <idle>-0       [000] d..2.   632.673654: sched_switch: prev_comm=swapper/0 prev_pid=0 prev_prio=120 prev_state=R ==> next_comm=migration/0 next_pid=18 next_prio=0
     migration/0-18      [000] d..2.   632.673741: sched_switch: prev_comm=migration/0 prev_pid=18 prev_prio=0 prev_state=S ==> next_comm=yat_simple_test next_pid=150 next_prio=0
 yat_simple_test-150     [000] d..2.   632.689691: sched_switch: prev_comm=yat_simple_test prev_pid=150 prev_prio=0 prev_state=R ==> next_comm=ksoftirqd/0 next_pid=16 next_prio=120
     ksoftirqd/0-16      [000] d..2.   632.689793: sched_switch: prev_comm=ksoftirqd/0 prev_pid=16 prev_prio=120 prev_state=S ==> next_comm=kworker/0:2 next_pid=113 next_prio=120
     kworker/0:2-113     [000] d..2.   632.689965: sched_switch: prev_comm=kworker/0:2 prev_pid=113 prev_prio=120 prev_state=I ==> next_comm=swapper/0 next_pid=0 next_prio=120
          <idle>-0       [001] d..2.   632.752661: sched_switch: prev_comm=swapper/1 prev_pid=0 prev_prio=120 prev_state=R ==> next_comm=migration/1 next_pid=23 next_prio=0
     migration/1-23      [001] d..2.   632.752788: sched_switch: prev_comm=migration/1 prev_pid=23 prev_prio=0 prev_state=S ==> next_comm=yat_simple_test next_pid=149 next_prio=0
 yat_simple_test-149     [001] d..2.   632.753181: sched_switch: prev_comm=yat_simple_test prev_pid=149 prev_prio=0 prev_state=R+ ==> next_comm=kworker/1:1 next_pid=43 next_prio=120
     kworker/1:1-43      [001] d..2.   632.753181: sched_switch: prev_comm=kworker/1:1 prev_pid=43 prev_prio=120 prev_state=I ==> next_comm=swapper/1 next_pid=0 next_prio=120
          <idle>-0       [002] d..2.   632.813339: sched_switch: prev_comm=swapper/2 prev_pid=0 prev_prio=120 prev_state=R ==> next_comm=migration/2 next_pid=29 next_prio=0
     migration/2-29      [002] d..2.   632.813706: sched_switch: prev_comm=migration/2 prev_pid=29 prev_prio=0 prev_state=S ==> next_comm=yat_simple_test next_pid=151 next_prio=0
          <idle>-0       [003] d..2.   632.860123: sched_switch: prev_comm=swapper/3 prev_pid=0 prev_prio=120 prev_state=R ==> next_comm=migration/3 next_pid=35 next_prio=0
     migration/3-35      [003] d..2.   632.860207: sched_switch: prev_comm=migration/3 prev_pid=35 prev_prio=0 prev_state=S ==> next_comm=yat_simple_test next_pid=152 next_prio=0
          <idle>-0       [001] d..2.   632.863036: sched_switch: prev_comm=swapper/1 prev_pid=0 prev_prio=120 prev_state=R ==> next_comm=kcompactd0 next_pid=48 next_prio=120
      kcompactd0-48      [001] d..2.   632.863120: sched_switch: prev_comm=kcompactd0 prev_pid=48 prev_prio=120 prev_state=S ==> next_comm=swapper/1 next_pid=0 next_prio=120
 yat_simple_test-151     [002] d..2.   632.875715: sched_switch: prev_comm=yat_simple_test prev_pid=151 prev_prio=0 prev_state=S ==> next_comm=swapper/2 next_pid=0 next_prio=120
 yat_simple_test-152     [003] d..2.   632.937260: sched_switch: prev_comm=yat_simple_test prev_pid=152 prev_prio=0 prev_state=S ==> next_comm=swapper/3 next_pid=0 next_prio=120
          <idle>-0       [001] d..2.   633.372376: sched_switch: prev_comm=swapper/1 prev_pid=0 prev_prio=120 prev_state=R ==> next_comm=kworker/1:1 next_pid=43 next_prio=120
     kworker/1:1-43      [001] d..2.   633.372546: sched_switch: prev_comm=kworker/1:1 prev_pid=43 prev_prio=120 prev_state=I ==> next_comm=swapper/1 next_pid=0 next_prio=120
          <idle>-0       [002] d..2.   633.372834: sched_switch: prev_comm=swapper/2 prev_pid=0 prev_prio=120 prev_state=R ==> next_comm=kcompactd0 next_pid=48 next_prio=120
      kcompactd0-48      [002] d..2.   633.372963: sched_switch: prev_comm=kcompactd0 prev_pid=48 prev_prio=120 prev_state=S ==> next_comm=swapper/2 next_pid=0 next_prio=120
          <idle>-0       [002] d..2.   633.884077: sched_switch: prev_comm=swapper/2 prev_pid=0 prev_prio=120 prev_state=R ==> next_comm=kcompactd0 next_pid=48 next_prio=120
      kcompactd0-48      [002] d..2.   633.884183: sched_switch: prev_comm=kcompactd0 prev_pid=48 prev_prio=120 prev_state=S ==> next_comm=swapper/2 next_pid=0 next_prio=120
          <idle>-0       [002] d..2.   634.398176: sched_switch: prev_comm=swapper/2 prev_pid=0 prev_prio=120 prev_state=R ==> next_comm=kcompactd0 next_pid=48 next_prio=120
      kcompactd0-48      [002] d..2.   634.398274: sched_switch: prev_comm=kcompactd0 prev_pid=48 prev_prio=120 prev_state=S ==> next_comm=swapper/2 next_pid=0 next_prio=120
          <idle>-0       [003] d..2.   634.461496: sched_switch: prev_comm=swapper/3 prev_pid=0 prev_prio=120 prev_state=R ==> next_comm=kworker/3:1 next_pid=56 next_prio=120
     kworker/3:1-56      [003] d..2.   634.461650: sched_switch: prev_comm=kworker/3:1 prev_pid=56 prev_prio=120 prev_state=I ==> next_comm=swapper/3 next_pid=0 next_prio=120
          <idle>-0       [002] d..2.   634.912973: sched_switch: prev_comm=swapper/2 prev_pid=0 prev_prio=120 prev_state=R ==> next_comm=kcompactd0 next_pid=48 next_prio=120
      kcompactd0-48      [002] d..2.   634.913103: sched_switch: prev_comm=kcompactd0 prev_pid=48 prev_prio=120 prev_state=S ==> next_comm=swapper/2 next_pid=0 next_prio=120
          <idle>-0       [002] d..2.   635.416308: sched_switch: prev_comm=swapper/2 prev_pid=0 prev_prio=120 prev_state=R ==> next_comm=kcompactd0 next_pid=48 next_prio=120
      kcompactd0-48      [002] d..2.   635.416401: sched_switch: prev_comm=kcompactd0 prev_pid=48 prev_prio=120 prev_state=S ==> next_comm=swapper/2 next_pid=0 next_prio=120
          <idle>-0       [002] d..2.   635.921951: sched_switch: prev_comm=swapper/2 prev_pid=0 prev_prio=120 prev_state=R ==> next_comm=kcompactd0 next_pid=48 next_prio=120
      kcompactd0-48      [002] d..2.   635.922068: sched_switch: prev_comm=kcompactd0 prev_pid=48 prev_prio=120 prev_state=S ==> next_comm=swapper/2 next_pid=0 next_prio=120
          <idle>-0       [001] d..2.   635.998656: sched_switch: prev_comm=swapper/1 prev_pid=0 prev_prio=120 prev_state=R ==> next_comm=kworker/1:1 next_pid=43 next_prio=120
     kworker/1:1-43      [001] d..2.   635.998758: sched_switch: prev_comm=kworker/1:1 prev_pid=43 prev_prio=120 prev_state=I ==> next_comm=swapper/1 next_pid=0 next_prio=120
          <idle>-0       [002] d..2.   636.433505: sched_switch: prev_comm=swapper/2 prev_pid=0 prev_prio=120 prev_state=R ==> next_comm=kcompactd0 next_pid=48 next_prio=120
      kcompactd0-48      [002] d..2.   636.433610: sched_switch: prev_comm=kcompactd0 prev_pid=48 prev_prio=120 prev_state=S ==> next_comm=swapper/2 next_pid=0 next_prio=120
          <idle>-0       [003] d..2.   636.448271: sched_switch: prev_comm=swapper/3 prev_pid=0 prev_prio=120 prev_state=R ==> next_comm=kworker/3:1 next_pid=56 next_prio=120
     kworker/3:1-56      [003] d..2.   636.448372: sched_switch: prev_comm=kworker/3:1 prev_pid=56 prev_prio=120 prev_state=I ==> next_comm=swapper/3 next_pid=0 next_prio=120
          <idle>-0       [000] d..2.   636.686180: sched_switch: prev_comm=swapper/0 prev_pid=0 prev_prio=120 prev_state=R ==> next_comm=migration/0 next_pid=18 next_prio=0
     migration/0-18      [000] d..2.   636.686282: sched_switch: prev_comm=migration/0 prev_pid=18 prev_prio=0 prev_state=S ==> next_comm=yat_simple_test next_pid=150 next_prio=0
          <idle>-0       [001] d..2.   636.687217: sched_switch: prev_comm=swapper/1 prev_pid=0 prev_prio=120 prev_state=R ==> next_comm=kworker/u8:1 next_pid=41 next_prio=120
    kworker/u8:1-41      [001] d..2.   636.687817: sched_switch: prev_comm=kworker/u8:1 prev_pid=41 prev_prio=120 prev_state=I ==> next_comm=swapper/1 next_pid=0 next_prio=120
          <idle>-0       [002] d..2.   636.688139: sched_switch: prev_comm=swapper/2 prev_pid=0 prev_prio=120 prev_state=R ==> next_comm=kworker/u8:2 next_pid=45 next_prio=120
 yat_simple_test-150     [000] d..2.   636.688205: sched_switch: prev_comm=yat_simple_test prev_pid=150 prev_prio=0 prev_state=R ==> next_comm=kworker/0:2 next_pid=113 next_prio=120
    kworker/u8:2-45      [002] d..2.   636.688205: sched_switch: prev_comm=kworker/u8:2 prev_pid=45 prev_prio=120 prev_state=I ==> next_comm=swapper/2 next_pid=0 next_prio=120
     kworker/0:2-113     [000] d..2.   636.690659: sched_switch: prev_comm=kworker/0:2 prev_pid=113 prev_prio=120 prev_state=I ==> next_comm=swapper/0 next_pid=0 next_prio=120
          <idle>-0       [002] d..2.   636.690710: sched_switch: prev_comm=swapper/2 prev_pid=0 prev_prio=120 prev_state=R ==> next_comm=kworker/2:1 next_pid=55 next_prio=120
     kworker/2:1-55      [002] d..2.   636.690826: sched_switch: prev_comm=kworker/2:1 prev_pid=55 prev_prio=120 prev_state=I ==> next_comm=swapper/2 next_pid=0 next_prio=120
          <idle>-0       [003] d..2.   636.690946: sched_switch: prev_comm=swapper/3 prev_pid=0 prev_prio=120 prev_state=R ==> next_comm=kworker/3:1 next_pid=56 next_prio=120
     kworker/3:1-56      [003] d..2.   636.691039: sched_switch: prev_comm=kworker/3:1 prev_pid=56 prev_prio=120 prev_state=I ==> next_comm=swapper/3 next_pid=0 next_prio=120
          <idle>-0       [001] d..2.   636.748081: sched_switch: prev_comm=swapper/1 prev_pid=0 prev_prio=120 prev_state=R ==> next_comm=migration/1 next_pid=23 next_prio=0
     migration/1-23      [001] d..2.   636.748173: sched_switch: prev_comm=migration/1 prev_pid=23 prev_prio=0 prev_state=S ==> next_comm=yat_simple_test next_pid=149 next_prio=0
 yat_simple_test-149     [001] d..2.   636.748647: sched_switch: prev_comm=yat_simple_test prev_pid=149 prev_prio=0 prev_state=R ==> next_comm=kworker/1:1 next_pid=43 next_prio=120
     kworker/1:1-43      [001] d..2.   636.748831: sched_switch: prev_comm=kworker/1:1 prev_pid=43 prev_prio=120 prev_state=I ==> next_comm=swapper/1 next_pid=0 next_prio=120
          <idle>-0       [002] d..2.   636.809584: sched_switch: prev_comm=swapper/2 prev_pid=0 prev_prio=120 prev_state=R ==> next_comm=migration/2 next_pid=29 next_prio=0
     migration/2-29      [002] d..2.   636.809690: sched_switch: prev_comm=migration/2 prev_pid=29 prev_prio=0 prev_state=S ==> next_comm=yat_simple_test next_pid=151 next_prio=0
          <idle>-0       [003] d..2.   636.870586: sched_switch: prev_comm=swapper/3 prev_pid=0 prev_prio=120 prev_state=R ==> next_comm=migration/3 next_pid=35 next_prio=0
     migration/3-35      [003] d..2.   636.870650: sched_switch: prev_comm=migration/3 prev_pid=35 prev_prio=0 prev_state=S ==> next_comm=yat_simple_test next_pid=152 next_prio=0
 yat_simple_test-151     [002] d..2.   636.871569: sched_switch: prev_comm=yat_simple_test prev_pid=151 prev_prio=0 prev_state=S ==> next_comm=swapper/2 next_pid=0 next_prio=120
          <idle>-0       [002] d..2.   636.943385: sched_switch: prev_comm=swapper/2 prev_pid=0 prev_prio=120 prev_state=R ==> next_comm=kcompactd0 next_pid=48 next_prio=120
      kcompactd0-48      [002] d..2.   636.943455: sched_switch: prev_comm=kcompactd0 prev_pid=48 prev_prio=120 prev_state=S ==> next_comm=swapper/2 next_pid=0 next_prio=120
 yat_simple_test-152     [003] d..2.   636.949382: sched_switch: prev_comm=yat_simple_test prev_pid=152 prev_prio=0 prev_state=S ==> next_comm=swapper/3 next_pid=0 next_prio=120
          <idle>-0       [001] d..2.   637.383326: sched_switch: prev_comm=swapper/1 prev_pid=0 prev_prio=120 prev_state=R ==> next_comm=kworker/1:1 next_pid=43 next_prio=120
     kworker/1:1-43      [001] d..2.   637.383473: sched_switch: prev_comm=kworker/1:1 prev_pid=43 prev_prio=120 prev_state=I ==> next_comm=swapper/1 next_pid=0 next_prio=120
          <idle>-0       [002] d..2.   637.446770: sched_switch: prev_comm=swapper/2 prev_pid=0 prev_prio=120 prev_state=R ==> next_comm=kcompactd0 next_pid=48 next_prio=120
      kcompactd0-48      [002] d..2.   637.446875: sched_switch: prev_comm=kcompactd0 prev_pid=48 prev_prio=120 prev_state=S ==> next_comm=swapper/2 next_pid=0 next_prio=120
          <idle>-0       [002] d..2.   637.958448: sched_switch: prev_comm=swapper/2 prev_pid=0 prev_prio=120 prev_state=R ==> next_comm=kcompactd0 next_pid=48 next_prio=120
      kcompactd0-48      [002] d..2.   637.958659: sched_switch: prev_comm=kcompactd0 prev_pid=48 prev_prio=120 prev_state=S ==> next_comm=swapper/2 next_pid=0 next_prio=120
          <idle>-0       [003] d..2.   638.425880: sched_switch: prev_comm=swapper/3 prev_pid=0 prev_prio=120 prev_state=R ==> next_comm=kworker/3:1 next_pid=56 next_prio=120
